(base) chloezhao@Chloes-MacBook-Air-1761 ~ % git clone https://github.com/chloezhao1/qtm350-quiz01
Cloning into 'qtm350-quiz01'...
remote: Enumerating objects: 8, done.
remote: Counting objects: 100% (8/8), done.
remote: Compressing objects: 100% (4/4), done.
remote: Total 8 (delta 0), reused 8 (delta 0), pack-reused 0 (from 0)
Receiving objects: 100% (8/8), done.
(base) chloezhao@Chloes-MacBook-Air-1761 ~ % cd qtm350-quiz01
(base) chloezhao@Chloes-MacBook-Air-1761 qtm350-quiz01 % touch commands.txt
(base) chloezhao@Chloes-MacBook-Air-1761 qtm350-quiz01 % git checkout -b feature-update
Switched to a new branch 'feature-update'
(base) chloezhao@Chloes-MacBook-Air-1761 qtm350-quiz01 % mkdir reports    
(base) chloezhao@Chloes-MacBook-Air-1761 qtm350-quiz01 % echo touch reports/summary.md
touch reports/summary.md
(base) chloezhao@Chloes-MacBook-Air-1761 qtm350-quiz01 % touch reports/summary.md
(base) chloezhao@Chloes-MacBook-Air-1761 qtm350-quiz01 % nano reports/summary.md

(base) chloezhao@Chloes-MacBook-Air-1761 qtm350-quiz01 % git add reports && git commit -m "Add reports directory"
[feature-update c23e19c] Add reports directory
 1 file changed, 1 insertion(+)
 create mode 100644 reports/summary.md
(base) chloezhao@Chloes-MacBook-Air-1761 qtm350-quiz01 % touch reports/file{1..3}.txt
(base) chloezhao@Chloes-MacBook-Air-1761 qtm350-quiz01 % mv data/raw-data.csv data/input-data.csv
(base) chloezhao@Chloes-MacBook-Air-1761 qtm350-quiz01 % mkdir scripts/backup
(base) chloezhao@Chloes-MacBook-Air-1761 qtm350-quiz01 % mkdir scripts/backup && cp scripts/*.py scripts/backup 
mkdir: scripts/backup: File exists
(base) chloezhao@Chloes-MacBook-Air-1761 qtm350-quiz01 % rm -r scripts/backup
(base) chloezhao@Chloes-MacBook-Air-1761 qtm350-quiz01 % mkdir scripts/backup && cp scripts/*.py scripts/backup
(base) chloezhao@Chloes-MacBook-Air-1761 qtm350-quiz01 % rm docs/documentation.md
(base) chloezhao@Chloes-MacBook-Air-1761 qtm350-quiz01 % git add . && git commit -m "Update project files"
[feature-update 3a37b0c] Update project files
 10 files changed, 1 deletion(-)
 rename data/raw-data.csv => commands.txt (100%)
 create mode 100644 data/input-data.csv
 delete mode 100644 docs/documentation.md
 create mode 100644 reports/.Rhistory
 create mode 100644 reports/file1.txt
 create mode 100644 reports/file2.txt
 create mode 100644 reports/file3.txt
 create mode 100644 scripts/backup/01-setup.py
 create mode 100644 scripts/backup/02-data-cleaning.py
 create mode 100644 scripts/backup/03-data-modelling.py
(base) chloezhao@Chloes-MacBook-Air-1761 qtm350-quiz01 % touch .gitignore
(base) chloezhao@Chloes-MacBook-Air-1761 qtm350-quiz01 % ls -a
.		.git		commands.txt	docs		reports
..		.gitignore	data		README.md	scripts
(base) chloezhao@Chloes-MacBook-Air-1761 qtm350-quiz01 % nano .gitignore
(base) chloezhao@Chloes-MacBook-Air-1761 qtm350-quiz01 % git add .gitignore && git commit -m "Add .gitignore file"
[feature-update dee017d] Add .gitignore file
 1 file changed, 2 insertions(+)
 create mode 100644 .gitignore
(base) chloezhao@Chloes-MacBook-Air-1761 qtm350-quiz01 % cat .gitignore
temp/
dataset0?.csv
(base) chloezhao@Chloes-MacBook-Air-1761 qtm350-quiz01 % git checkout main
Switched to branch 'main'
Your branch is up to date with 'origin/main'.
(base) chloezhao@Chloes-MacBook-Air-1761 qtm350-quiz01 % git merch feature-update
git: 'merch' is not a git command. See 'git --help'.

The most similar commands are
	fetch
	merge
(base) chloezhao@Chloes-MacBook-Air-1761 qtm350-quiz01 % git merge feature-update
Updating 4ba1160..dee017d
Fast-forward
 .gitignore                          | 2 ++
 data/raw-data.csv => commands.txt   | 0
 data/input-data.csv                 | 0
 docs/documentation.md               | 1 -
 reports/.Rhistory                   | 0
 reports/file1.txt                   | 0
 reports/file2.txt                   | 0
 reports/file3.txt                   | 0
 reports/summary.md                  | 1 +
 scripts/backup/01-setup.py          | 0
 scripts/backup/02-data-cleaning.py  | 0
 scripts/backup/03-data-modelling.py | 0
 12 files changed, 3 insertions(+), 1 deletion(-)
 create mode 100644 .gitignore
 rename data/raw-data.csv => commands.txt (100%)
 create mode 100644 data/input-data.csv
 delete mode 100644 docs/documentation.md
 create mode 100644 reports/.Rhistory
 create mode 100644 reports/file1.txt
 create mode 100644 reports/file2.txt
 create mode 100644 reports/file3.txt
 create mode 100644 reports/summary.md
 create mode 100644 scripts/backup/01-setup.py
 create mode 100644 scripts/backup/02-data-cleaning.py
 create mode 100644 scripts/backup/03-data-modelling.py
(base) chloezhao@Chloes-MacBook-Air-1761 qtm350-quiz01 % nano commands.txt
